[23-Oct-2025 09:18:29 UTC] DEBUG SQL: UPDATE counterparties SET `------WebKitFormBoundaryGm2HBPepODidjcdI
Content-Disposition:_form-data;_name` = ? WHERE id = ?
[23-Oct-2025 09:18:29 UTC] DEBUG VALUES: Array
(
    [0] => "name"

Arvest Ltd
------WebKitFormBoundaryGm2HBPepODidjcdI
Content-Disposition: form-data; name="type"

supplier
------WebKitFormBoundaryGm2HBPepODidjcdI
Content-Disposition: form-data; name="contact_person"

marion
------WebKitFormBoundaryGm2HBPepODidjcdI
Content-Disposition: form-data; name="email"


------WebKitFormBoundaryGm2HBPepODidjcdI
Content-Disposition: form-data; name="phone"

08151519625
------WebKitFormBoundaryGm2HBPepODidjcdI
Content-Disposition: form-data; name="tax_id"


------WebKitFormBoundaryGm2HBPepODidjcdI
Content-Disposition: form-data; name="address"


------WebKitFormBoundaryGm2HBPepODidjcdI
Content-Disposition: form-data; name="city"


------WebKitFormBoundaryGm2HBPepODidjcdI
Content-Disposition: form-data; name="country"

Nigeria
------WebKitFormBoundaryGm2HBPepODidjcdI
Content-Disposition: form-data; name="credit_rating"

12
------WebKitFormBoundaryGm2HBPepODidjcdI
Content-Disposition: form-data; name="status"

active
------WebKitFormBoundaryGm2HBPepODidjcdI
Content-Disposition: form-data; name="id"

7
------WebKitFormBoundaryGm2HBPepODidjcdI--

    [1] => 7
)

[23-Oct-2025 09:18:29 UTC] Database query failed: SQLSTATE[42S22]: Column not found: 1054 Unknown column '------WebKitFormBoundaryGm2HBPepODidjcdI
Content-Disposition:_form-data;_name' in 'field list' SQL: UPDATE counterparties SET `------WebKitFormBoundaryGm2HBPepODidjcdI
Content-Disposition:_form-data;_name` = ? WHERE id = ?
[23-Oct-2025 09:18:29 UTC] Counterparties API error: Database query failed
[23-Oct-2025 09:43:33 UTC] PHP Fatal error:  Uncaught Error: Call to undefined method Database::prepare() in C:\laragon\www\barole\api\master-data\counterparties.php:269
Stack trace:
#0 C:\laragon\www\barole\api\master-data\counterparties.php(27): handleUpdateCounterparty(Object(Database), Array)
#1 {main}
  thrown in C:\laragon\www\barole\api\master-data\counterparties.php on line 269
[23-Oct-2025 12:04:28 UTC] Database query failed: SQLSTATE[HY093]: Invalid parameter number: mixed named and positional parameters SQL: UPDATE users SET last_login = :last_login WHERE id = ?
